{"level":"info","message":"Identity service running on port 8001","service":"identity-service","timestamp":"2025-11-16T07:42:17.446Z"}
{"level":"info","message":"Connected to MongoDB","service":"identity-service","timestamp":"2025-11-16T07:42:17.528Z"}
{"level":"info","message":"Identity service running on port 8001","service":"identity-service","timestamp":"2025-11-16T07:42:23.203Z"}
{"level":"info","message":"Connected to MongoDB","service":"identity-service","timestamp":"2025-11-16T07:42:23.243Z"}
{"level":"info","message":"Received GET request to  /health","service":"identity-service","timestamp":"2025-11-16T07:44:26.994Z"}
{"level":"info","message":"Request body: undefined","service":"identity-service","timestamp":"2025-11-16T07:44:26.996Z"}
{"level":"info","message":"Received POST request to  /api/auth/register","service":"identity-service","timestamp":"2025-11-16T07:44:42.598Z"}
{"level":"info","message":"Request body: undefined","service":"identity-service","timestamp":"2025-11-16T07:44:42.604Z"}
{"level":"info","message":"Registering new user...","service":"identity-service","timestamp":"2025-11-16T07:44:42.629Z"}
{"level":"error","message":"Error registering user:  Cannot destructure property 'username' of 'req.body' as it is undefined.","service":"identity-service","stack":"TypeError: Cannot destructure property 'username' of 'req.body' as it is undefined.\n    at registerUser (C:\\Users\\ABHI\\Documents\\ABHI\\MicroServices\\identity-service\\src\\controllers\\identity.controller.js:14:17)\n    at Layer.handleRequest (C:\\Users\\ABHI\\Documents\\ABHI\\MicroServices\\identity-service\\node_modules\\router\\lib\\layer.js:152:17)\n    at next (C:\\Users\\ABHI\\Documents\\ABHI\\MicroServices\\identity-service\\node_modules\\router\\lib\\route.js:157:13)\n    at Route.dispatch (C:\\Users\\ABHI\\Documents\\ABHI\\MicroServices\\identity-service\\node_modules\\router\\lib\\route.js:117:3)\n    at handle (C:\\Users\\ABHI\\Documents\\ABHI\\MicroServices\\identity-service\\node_modules\\router\\index.js:435:11)\n    at Layer.handleRequest (C:\\Users\\ABHI\\Documents\\ABHI\\MicroServices\\identity-service\\node_modules\\router\\lib\\layer.js:152:17)\n    at C:\\Users\\ABHI\\Documents\\ABHI\\MicroServices\\identity-service\\node_modules\\router\\index.js:295:15\n    at processParams (C:\\Users\\ABHI\\Documents\\ABHI\\MicroServices\\identity-service\\node_modules\\router\\index.js:582:12)\n    at next (C:\\Users\\ABHI\\Documents\\ABHI\\MicroServices\\identity-service\\node_modules\\router\\index.js:291:5)\n    at Function.handle (C:\\Users\\ABHI\\Documents\\ABHI\\MicroServices\\identity-service\\node_modules\\router\\index.js:186:3)","timestamp":"2025-11-16T07:44:42.644Z"}
{"level":"info","message":"Received POST request to  /api/auth/register","service":"identity-service","timestamp":"2025-11-16T07:45:32.228Z"}
{"level":"info","message":"Request body: {\"username\":\"admin\",\"email\":\"admi@gmail.com\",\"password\":\"000000\"}","service":"identity-service","timestamp":"2025-11-16T07:45:32.230Z"}
{"level":"info","message":"Registering new user...","service":"identity-service","timestamp":"2025-11-16T07:45:32.237Z"}
{"level":"info","message":"User registered successfully","service":"identity-service","timestamp":"2025-11-16T07:45:32.489Z"}
{"level":"error","message":"Error registering user:  crypto.randomBytes is not a function","service":"identity-service","stack":"TypeError: crypto.randomBytes is not a function\n    at generateToken (C:\\Users\\ABHI\\Documents\\ABHI\\MicroServices\\identity-service\\src\\utils\\generateToken.js:10:33)\n    at registerUser (C:\\Users\\ABHI\\Documents\\ABHI\\MicroServices\\identity-service\\src\\controllers\\identity.controller.js:24:53)\n    at process.processTicksAndRejections (node:internal/process/task_queues:105:5)","timestamp":"2025-11-16T07:45:32.509Z"}
{"level":"info","message":"Identity service running on port 8001","service":"identity-service","timestamp":"2025-11-16T07:46:34.051Z"}
{"level":"info","message":"Connected to MongoDB","service":"identity-service","timestamp":"2025-11-16T07:46:34.099Z"}
{"level":"info","message":"Identity service running on port 8001","service":"identity-service","timestamp":"2025-11-16T07:46:38.236Z"}
{"level":"info","message":"Connected to MongoDB","service":"identity-service","timestamp":"2025-11-16T07:46:38.298Z"}
{"level":"info","message":"Received POST request to  /api/auth/register","service":"identity-service","timestamp":"2025-11-16T07:46:38.563Z"}
{"level":"info","message":"Request body: {\"username\":\"admin\",\"email\":\"admi@gmail.com\",\"password\":\"000000\"}","service":"identity-service","timestamp":"2025-11-16T07:46:38.564Z"}
{"level":"info","message":"Registering new user...","service":"identity-service","timestamp":"2025-11-16T07:46:38.583Z"}
{"level":"warn","message":"User already exists with given username or email","service":"identity-service","timestamp":"2025-11-16T07:46:38.630Z"}
{"level":"info","message":"Received POST request to  /api/auth/register","service":"identity-service","timestamp":"2025-11-16T07:47:42.195Z"}
{"level":"info","message":"Request body: {\"username\":\"admin\",\"email\":\"admi@gmail.com\",\"password\":\"000000\"}","service":"identity-service","timestamp":"2025-11-16T07:47:42.197Z"}
{"level":"info","message":"Registering new user...","service":"identity-service","timestamp":"2025-11-16T07:47:42.208Z"}
{"level":"info","message":"User registered successfully","service":"identity-service","timestamp":"2025-11-16T07:47:42.498Z"}
{"level":"info","message":"Identity service running on port 8001","service":"identity-service","timestamp":"2025-11-16T07:48:35.798Z"}
{"level":"info","message":"Connected to MongoDB","service":"identity-service","timestamp":"2025-11-16T07:48:35.879Z"}
{"level":"info","message":"Received GET request to  /health","service":"identity-service","timestamp":"2025-11-16T07:48:46.710Z"}
{"level":"info","message":"Request body: undefined","service":"identity-service","timestamp":"2025-11-16T07:48:46.711Z"}
{"level":"info","message":"Received GET request to  /health","service":"identity-service","timestamp":"2025-11-16T07:48:47.541Z"}
{"level":"info","message":"Request body: undefined","service":"identity-service","timestamp":"2025-11-16T07:48:47.543Z"}
{"level":"info","message":"Received GET request to  /health","service":"identity-service","timestamp":"2025-11-16T07:48:47.713Z"}
{"level":"info","message":"Request body: undefined","service":"identity-service","timestamp":"2025-11-16T07:48:47.714Z"}
{"level":"info","message":"Received GET request to  /health","service":"identity-service","timestamp":"2025-11-16T07:48:47.918Z"}
{"level":"info","message":"Request body: undefined","service":"identity-service","timestamp":"2025-11-16T07:48:47.920Z"}
{"level":"info","message":"Received GET request to  /health","service":"identity-service","timestamp":"2025-11-16T07:48:48.086Z"}
{"level":"info","message":"Request body: undefined","service":"identity-service","timestamp":"2025-11-16T07:48:48.087Z"}
{"level":"info","message":"Received GET request to  /health","service":"identity-service","timestamp":"2025-11-16T07:48:48.277Z"}
{"level":"info","message":"Request body: undefined","service":"identity-service","timestamp":"2025-11-16T07:48:48.280Z"}
{"level":"warn","message":"Rate limit exceeded for IP: ::ffff:127.0.0.1","service":"identity-service","timestamp":"2025-11-16T07:48:48.285Z"}
{"level":"info","message":"Received GET request to  /health","service":"identity-service","timestamp":"2025-11-16T07:48:48.734Z"}
{"level":"info","message":"Request body: undefined","service":"identity-service","timestamp":"2025-11-16T07:48:48.735Z"}
{"level":"warn","message":"Rate limit exceeded for IP: ::ffff:127.0.0.1","service":"identity-service","timestamp":"2025-11-16T07:48:48.738Z"}
{"level":"info","message":"Received GET request to  /health","service":"identity-service","timestamp":"2025-11-16T07:48:48.993Z"}
{"level":"info","message":"Request body: undefined","service":"identity-service","timestamp":"2025-11-16T07:48:48.994Z"}
{"level":"warn","message":"Rate limit exceeded for IP: ::ffff:127.0.0.1","service":"identity-service","timestamp":"2025-11-16T07:48:48.998Z"}
{"level":"info","message":"Received GET request to  /health","service":"identity-service","timestamp":"2025-11-16T07:48:49.911Z"}
{"level":"info","message":"Request body: undefined","service":"identity-service","timestamp":"2025-11-16T07:48:49.911Z"}
{"level":"warn","message":"Rate limit exceeded for IP: ::ffff:127.0.0.1","service":"identity-service","timestamp":"2025-11-16T07:48:49.915Z"}
{"level":"info","message":"Received POST request to  /api/auth/register","service":"identity-service","timestamp":"2025-11-16T07:49:29.371Z"}
{"level":"info","message":"Request body: {\"username\":\"admin1\",\"email\":\"admicom\",\"password\":\"000000\"}","service":"identity-service","timestamp":"2025-11-16T07:49:29.371Z"}
{"level":"info","message":"Registering new user...","service":"identity-service","timestamp":"2025-11-16T07:49:29.419Z"}
{"0":"\"","1":"e","10":"s","11":"t","12":" ","13":"b","14":"e","15":" ","16":"a","17":" ","18":"v","19":"a","2":"m","20":"l","21":"i","22":"d","23":" ","24":"e","25":"m","26":"a","27":"i","28":"l","3":"a","4":"i","5":"l","6":"\"","7":" ","8":"m","9":"u","level":"warn","message":"validation error: ","service":"identity-service","timestamp":"2025-11-16T07:49:29.467Z"}
{"level":"info","message":"Identity service running on port 8001","service":"identity-service","timestamp":"2025-11-16T08:19:34.412Z"}
{"level":"info","message":"Connected to MongoDB","service":"identity-service","timestamp":"2025-11-16T08:19:34.463Z"}
{"level":"info","message":"Identity service running on port 8001","service":"identity-service","timestamp":"2025-11-16T08:32:11.066Z"}
{"level":"info","message":"Connected to MongoDB","service":"identity-service","timestamp":"2025-11-16T08:32:11.128Z"}
{"level":"info","message":"Received POST request to  /api/auth/register","service":"identity-service","timestamp":"2025-11-16T08:43:23.568Z"}
{"level":"info","message":"Request body: {\"username\":\"admin1\",\"email\":\"admicom@gmail.com\",\"password\":\"000000\"}","service":"identity-service","timestamp":"2025-11-16T08:43:23.585Z"}
{"level":"info","message":"Registering new user...","service":"identity-service","timestamp":"2025-11-16T08:43:23.734Z"}
{"level":"info","message":"User registered successfully","service":"identity-service","timestamp":"2025-11-16T08:43:24.845Z"}
{"level":"info","message":"Received POST request to  /api/auth/register","service":"identity-service","timestamp":"2025-11-16T08:43:33.845Z"}
{"level":"info","message":"Request body: {\"username\":\"admin1\",\"email\":\"admicom@gmail.com\",\"password\":\"000000\"}","service":"identity-service","timestamp":"2025-11-16T08:43:33.855Z"}
{"level":"info","message":"Registering new user...","service":"identity-service","timestamp":"2025-11-16T08:43:33.878Z"}
{"level":"warn","message":"User already exists with given username or email","service":"identity-service","timestamp":"2025-11-16T08:43:33.925Z"}
{"level":"info","message":"Received POST request to  /register","service":"identity-service","timestamp":"2025-11-16T08:48:17.527Z"}
{"level":"info","message":"Request body: {}","service":"identity-service","timestamp":"2025-11-16T08:48:17.532Z"}
{"level":"info","message":"Received POST request to  /register","service":"identity-service","timestamp":"2025-11-16T08:50:01.283Z"}
{"level":"info","message":"Request body: {}","service":"identity-service","timestamp":"2025-11-16T08:50:01.287Z"}
{"level":"info","message":"Received POST request to  /register","service":"identity-service","timestamp":"2025-11-16T08:50:03.040Z"}
{"level":"info","message":"Request body: {}","service":"identity-service","timestamp":"2025-11-16T08:50:03.083Z"}
{"level":"info","message":"Received POST request to  /register","service":"identity-service","timestamp":"2025-11-16T08:50:03.256Z"}
{"level":"info","message":"Request body: {}","service":"identity-service","timestamp":"2025-11-16T08:50:03.273Z"}
{"level":"info","message":"Received POST request to  /register","service":"identity-service","timestamp":"2025-11-16T08:50:03.702Z"}
{"level":"info","message":"Request body: {}","service":"identity-service","timestamp":"2025-11-16T08:50:03.736Z"}
{"level":"info","message":"Received POST request to  /register","service":"identity-service","timestamp":"2025-11-16T08:50:04.084Z"}
{"level":"info","message":"Request body: {}","service":"identity-service","timestamp":"2025-11-16T08:50:04.179Z"}
{"level":"info","message":"Received POST request to  /register","service":"identity-service","timestamp":"2025-11-16T08:50:12.165Z"}
{"level":"info","message":"Request body: {}","service":"identity-service","timestamp":"2025-11-16T08:50:12.173Z"}
{"level":"info","message":"Received POST request to  /register","service":"identity-service","timestamp":"2025-11-16T09:14:18.261Z"}
{"level":"info","message":"Request body: {}","service":"identity-service","timestamp":"2025-11-16T09:14:18.274Z"}
{"level":"info","message":"Identity service running on port 8001","service":"identity-service","timestamp":"2025-11-16T09:14:53.110Z"}
{"level":"info","message":"Connected to MongoDB","service":"identity-service","timestamp":"2025-11-16T09:14:53.174Z"}
{"level":"info","message":"Received POST request to  /register","service":"identity-service","timestamp":"2025-11-16T09:14:55.137Z"}
{"level":"info","message":"Request body: {}","service":"identity-service","timestamp":"2025-11-16T09:14:55.141Z"}
{"level":"info","message":"Identity service running on port 8001","service":"identity-service","timestamp":"2025-11-16T09:15:30.548Z"}
{"level":"info","message":"Connected to MongoDB","service":"identity-service","timestamp":"2025-11-16T09:15:30.590Z"}
{"level":"info","message":"Identity service running on port 8001","service":"identity-service","timestamp":"2025-11-16T09:15:37.571Z"}
{"level":"info","message":"Connected to MongoDB","service":"identity-service","timestamp":"2025-11-16T09:15:37.630Z"}
{"level":"info","message":"Received POST request to  /register","service":"identity-service","timestamp":"2025-11-16T09:15:39.474Z"}
{"level":"info","message":"Request body: {}","service":"identity-service","timestamp":"2025-11-16T09:15:39.476Z"}
{"level":"info","message":"Identity service running on port 8001","service":"identity-service","timestamp":"2025-11-16T09:15:56.214Z"}
{"level":"info","message":"Connected to MongoDB","service":"identity-service","timestamp":"2025-11-16T09:15:56.392Z"}
{"level":"info","message":"Received POST request to  /register","service":"identity-service","timestamp":"2025-11-16T09:16:06.959Z"}
{"level":"info","message":"Request body: {}","service":"identity-service","timestamp":"2025-11-16T09:16:06.961Z"}
{"level":"info","message":"Registering new user...","service":"identity-service","timestamp":"2025-11-16T09:16:06.976Z"}
{"0":"\"","1":"u","10":" ","11":"i","12":"s","13":" ","14":"r","15":"e","16":"q","17":"u","18":"i","19":"r","2":"s","20":"e","21":"d","3":"e","4":"r","5":"n","6":"a","7":"m","8":"e","9":"\"","level":"warn","message":"validation error: ","service":"identity-service","timestamp":"2025-11-16T09:16:06.994Z"}
{"level":"info","message":"Identity service running on port 8001","service":"identity-service","timestamp":"2025-11-16T09:16:26.321Z"}
{"level":"info","message":"Connected to MongoDB","service":"identity-service","timestamp":"2025-11-16T09:16:26.426Z"}
{"level":"info","message":"Received POST request to  /register","service":"identity-service","timestamp":"2025-11-16T09:18:16.225Z"}
{"level":"info","message":"Request body: {}","service":"identity-service","timestamp":"2025-11-16T09:18:16.228Z"}
{"level":"info","message":"Identity service running on port 8001","service":"identity-service","timestamp":"2025-11-16T09:21:47.952Z"}
{"level":"info","message":"Connected to MongoDB","service":"identity-service","timestamp":"2025-11-16T09:21:48.043Z"}
{"level":"info","message":"Identity service running on port 8001","service":"identity-service","timestamp":"2025-11-16T09:34:39.541Z"}
{"level":"info","message":"Connected to MongoDB","service":"identity-service","timestamp":"2025-11-16T09:34:39.625Z"}
{"level":"info","message":"Identity service running on port 8001","service":"identity-service","timestamp":"2025-11-16T09:47:14.551Z"}
{"level":"info","message":"Connected to MongoDB","service":"identity-service","timestamp":"2025-11-16T09:47:14.708Z"}
{"level":"info","message":"Identity service running on port 8001","service":"identity-service","timestamp":"2025-11-16T09:47:40.278Z"}
{"level":"info","message":"Connected to MongoDB","service":"identity-service","timestamp":"2025-11-16T09:47:40.714Z"}
{"level":"info","message":"Identity service running on port 8001","service":"identity-service","timestamp":"2025-11-16T09:50:41.540Z"}
{"level":"info","message":"Connected to MongoDB","service":"identity-service","timestamp":"2025-11-16T09:50:41.590Z"}
{"level":"info","message":"Identity service running on port 8001","service":"identity-service","timestamp":"2025-11-16T09:56:13.765Z"}
{"level":"info","message":"Connected to MongoDB","service":"identity-service","timestamp":"2025-11-16T09:56:13.896Z"}
{"level":"info","message":"Received POST request to  /api/auth/register","service":"identity-service","timestamp":"2025-11-16T09:59:00.968Z"}
{"level":"info","message":"Request body: {}","service":"identity-service","timestamp":"2025-11-16T09:59:00.969Z"}
{"level":"info","message":"Registering new user...","service":"identity-service","timestamp":"2025-11-16T09:59:01.021Z"}
{"0":"\"","1":"u","10":" ","11":"i","12":"s","13":" ","14":"r","15":"e","16":"q","17":"u","18":"i","19":"r","2":"s","20":"e","21":"d","3":"e","4":"r","5":"n","6":"a","7":"m","8":"e","9":"\"","level":"warn","message":"validation error: ","service":"identity-service","timestamp":"2025-11-16T09:59:01.054Z"}
{"level":"info","message":"Identity service running on port 8001","service":"identity-service","timestamp":"2025-11-16T10:28:14.078Z"}
{"level":"info","message":"Connected to MongoDB","service":"identity-service","timestamp":"2025-11-16T10:28:14.182Z"}
{"level":"info","message":"Received POST request to  /api/auth/register","service":"identity-service","timestamp":"2025-11-16T10:28:22.315Z"}
{"level":"info","message":"Request body: {}","service":"identity-service","timestamp":"2025-11-16T10:28:22.317Z"}
{"level":"info","message":"Registering new user...","service":"identity-service","timestamp":"2025-11-16T10:28:22.337Z"}
{"0":"\"","1":"u","10":" ","11":"i","12":"s","13":" ","14":"r","15":"e","16":"q","17":"u","18":"i","19":"r","2":"s","20":"e","21":"d","3":"e","4":"r","5":"n","6":"a","7":"m","8":"e","9":"\"","level":"warn","message":"validation error: ","service":"identity-service","timestamp":"2025-11-16T10:28:22.364Z"}
{"level":"info","message":"Received POST request to  /api/auth/register","service":"identity-service","timestamp":"2025-11-16T10:28:23.814Z"}
{"level":"info","message":"Request body: {}","service":"identity-service","timestamp":"2025-11-16T10:28:23.815Z"}
{"level":"info","message":"Registering new user...","service":"identity-service","timestamp":"2025-11-16T10:28:23.846Z"}
{"0":"\"","1":"u","10":" ","11":"i","12":"s","13":" ","14":"r","15":"e","16":"q","17":"u","18":"i","19":"r","2":"s","20":"e","21":"d","3":"e","4":"r","5":"n","6":"a","7":"m","8":"e","9":"\"","level":"warn","message":"validation error: ","service":"identity-service","timestamp":"2025-11-16T10:28:23.852Z"}
{"level":"info","message":"Identity service running on port 8001","service":"identity-service","timestamp":"2025-11-16T10:42:46.978Z"}
{"level":"info","message":"Connected to MongoDB","service":"identity-service","timestamp":"2025-11-16T10:42:47.077Z"}
{"level":"info","message":"Identity service running on port 8001","service":"identity-service","timestamp":"2025-11-16T10:44:11.506Z"}
{"level":"info","message":"Connected to MongoDB","service":"identity-service","timestamp":"2025-11-16T10:44:11.633Z"}
{"level":"info","message":"Identity service running on port 8001","service":"identity-service","timestamp":"2025-11-16T10:44:24.669Z"}
{"level":"info","message":"Connected to MongoDB","service":"identity-service","timestamp":"2025-11-16T10:44:24.741Z"}
{"level":"info","message":"Identity service running on port 8001","service":"identity-service","timestamp":"2025-11-16T10:44:27.491Z"}
{"level":"info","message":"Connected to MongoDB","service":"identity-service","timestamp":"2025-11-16T10:44:27.545Z"}
{"level":"info","message":"Received POST request to  /api/auth/login","service":"identity-service","timestamp":"2025-11-16T10:45:18.709Z"}
{"level":"info","message":"Request body: {}","service":"identity-service","timestamp":"2025-11-16T10:45:18.710Z"}
{"level":"info","message":"Logging in user...","service":"identity-service","timestamp":"2025-11-16T10:45:18.721Z"}
{"level":"warn","message":"Invalid email or password","service":"identity-service","timestamp":"2025-11-16T10:45:18.776Z"}
{"level":"info","message":"Received POST request to  /api/auth/login","service":"identity-service","timestamp":"2025-11-16T10:45:23.258Z"}
{"level":"info","message":"Request body: {}","service":"identity-service","timestamp":"2025-11-16T10:45:23.258Z"}
{"level":"info","message":"Logging in user...","service":"identity-service","timestamp":"2025-11-16T10:45:23.262Z"}
{"level":"warn","message":"Invalid email or password","service":"identity-service","timestamp":"2025-11-16T10:45:23.272Z"}
{"level":"info","message":"Received POST request to  /api/auth/login","service":"identity-service","timestamp":"2025-11-16T10:45:51.259Z"}
{"level":"info","message":"Request body: {}","service":"identity-service","timestamp":"2025-11-16T10:45:51.260Z"}
{"level":"info","message":"Logging in user...","service":"identity-service","timestamp":"2025-11-16T10:45:51.265Z"}
{"level":"warn","message":"Invalid email or password","service":"identity-service","timestamp":"2025-11-16T10:45:51.280Z"}
{"level":"info","message":"Received POST request to  /api/auth/login","service":"identity-service","timestamp":"2025-11-16T10:46:14.579Z"}
{"level":"info","message":"Request body: {}","service":"identity-service","timestamp":"2025-11-16T10:46:14.581Z"}
{"level":"info","message":"Logging in user...","service":"identity-service","timestamp":"2025-11-16T10:46:14.593Z"}
{"level":"warn","message":"Invalid email or password","service":"identity-service","timestamp":"2025-11-16T10:46:14.642Z"}
{"level":"info","message":"Identity service running on port 8001","service":"identity-service","timestamp":"2025-11-16T10:46:57.917Z"}
{"level":"info","message":"Connected to MongoDB","service":"identity-service","timestamp":"2025-11-16T10:46:57.967Z"}
{"level":"info","message":"Received POST request to  /api/auth/login","service":"identity-service","timestamp":"2025-11-16T10:47:20.911Z"}
{"level":"info","message":"Request body: {}","service":"identity-service","timestamp":"2025-11-16T10:47:20.915Z"}
{"level":"info","message":"Received POST request to  /api/auth/login","service":"identity-service","timestamp":"2025-11-16T10:47:20.935Z"}
{"level":"info","message":"Request body: {}","service":"identity-service","timestamp":"2025-11-16T10:47:20.945Z"}
{"level":"info","message":"Logging in user...","service":"identity-service","timestamp":"2025-11-16T10:47:20.968Z"}
{"level":"info","message":"Logging in user...","service":"identity-service","timestamp":"2025-11-16T10:47:20.997Z"}
{"level":"warn","message":"Invalid email or password","service":"identity-service","timestamp":"2025-11-16T10:47:21.127Z"}
{"level":"warn","message":"Invalid email or password","service":"identity-service","timestamp":"2025-11-16T10:47:21.179Z"}
{"level":"info","message":"Identity service running on port 8001","service":"identity-service","timestamp":"2025-11-16T10:48:47.211Z"}
{"level":"info","message":"Connected to MongoDB","service":"identity-service","timestamp":"2025-11-16T10:48:47.267Z"}
{"level":"info","message":"Received POST request to  /api/auth/login","service":"identity-service","timestamp":"2025-11-16T10:48:51.332Z"}
{"level":"info","message":"Request body: {}","service":"identity-service","timestamp":"2025-11-16T10:48:51.337Z"}
{"level":"info","message":"Logging in user...","service":"identity-service","timestamp":"2025-11-16T10:48:51.368Z"}
{"level":"warn","message":"Invalid email or password","service":"identity-service","timestamp":"2025-11-16T10:48:51.443Z"}
{"level":"info","message":"Identity service running on port 8001","service":"identity-service","timestamp":"2025-11-16T10:50:31.370Z"}
{"level":"info","message":"Connected to MongoDB","service":"identity-service","timestamp":"2025-11-16T10:50:31.834Z"}
{"level":"info","message":"Received POST request to  /api/auth/login","service":"identity-service","timestamp":"2025-11-16T10:50:36.386Z"}
{"level":"info","message":"Request body: {}","service":"identity-service","timestamp":"2025-11-16T10:50:36.407Z"}
{"level":"info","message":"Logging in user...","service":"identity-service","timestamp":"2025-11-16T10:50:36.482Z"}
{"level":"warn","message":"Invalid email or password","service":"identity-service","timestamp":"2025-11-16T10:50:36.615Z"}
{"level":"info","message":"Received POST request to  /api/auth/login","service":"identity-service","timestamp":"2025-11-16T10:53:29.785Z"}
{"level":"info","message":"Request body: {}","service":"identity-service","timestamp":"2025-11-16T10:53:29.787Z"}
{"level":"info","message":"Logging in user...","service":"identity-service","timestamp":"2025-11-16T10:53:29.792Z"}
{"level":"warn","message":"Invalid email or password","service":"identity-service","timestamp":"2025-11-16T10:53:29.809Z"}
{"level":"info","message":"Received POST request to  /api/auth/login","service":"identity-service","timestamp":"2025-11-16T10:55:12.248Z"}
{"level":"info","message":"Request body: {}","service":"identity-service","timestamp":"2025-11-16T10:55:12.253Z"}
{"level":"info","message":"Logging in user...","service":"identity-service","timestamp":"2025-11-16T10:55:12.276Z"}
{"level":"warn","message":"Invalid email or password","service":"identity-service","timestamp":"2025-11-16T10:55:12.308Z"}
{"level":"info","message":"Identity service running on port 8001","service":"identity-service","timestamp":"2025-11-16T10:56:06.914Z"}
{"level":"info","message":"Connected to MongoDB","service":"identity-service","timestamp":"2025-11-16T10:56:06.970Z"}
{"level":"info","message":"Received POST request to  /api/auth/login","service":"identity-service","timestamp":"2025-11-16T11:11:57.689Z"}
{"level":"info","message":"Request body: {}","service":"identity-service","timestamp":"2025-11-16T11:11:57.691Z"}
{"level":"info","message":"Logging in user...","service":"identity-service","timestamp":"2025-11-16T11:11:57.705Z"}
{"level":"warn","message":"Invalid email or password","service":"identity-service","timestamp":"2025-11-16T11:11:57.739Z"}
{"level":"info","message":"Received POST request to  /api/auth/login","service":"identity-service","timestamp":"2025-11-16T11:14:29.474Z"}
{"level":"info","message":"Request body: {}","service":"identity-service","timestamp":"2025-11-16T11:14:29.476Z"}
{"level":"info","message":"Logging in user...","service":"identity-service","timestamp":"2025-11-16T11:14:29.484Z"}
{"level":"warn","message":"Invalid email or password","service":"identity-service","timestamp":"2025-11-16T11:14:29.502Z"}
{"level":"info","message":"Identity service running on port 8001","service":"identity-service","timestamp":"2025-11-16T11:14:44.365Z"}
{"level":"info","message":"Connected to MongoDB","service":"identity-service","timestamp":"2025-11-16T11:14:44.442Z"}
{"level":"info","message":"Received POST request to  /api/auth/login","service":"identity-service","timestamp":"2025-11-16T11:15:16.463Z"}
{"level":"info","message":"Request body: {}","service":"identity-service","timestamp":"2025-11-16T11:15:16.464Z"}
{"level":"info","message":"Logging in user...","service":"identity-service","timestamp":"2025-11-16T11:15:16.478Z"}
{"level":"warn","message":"Invalid email or password","service":"identity-service","timestamp":"2025-11-16T11:15:16.514Z"}
{"level":"info","message":"Identity service running on port 8001","service":"identity-service","timestamp":"2025-11-16T11:15:47.375Z"}
{"level":"info","message":"Connected to MongoDB","service":"identity-service","timestamp":"2025-11-16T11:15:47.447Z"}
{"level":"info","message":"Received POST request to  /api/auth/login","service":"identity-service","timestamp":"2025-11-16T11:17:11.741Z"}
{"level":"info","message":"Request body: {}","service":"identity-service","timestamp":"2025-11-16T11:17:11.743Z"}
{"level":"info","message":"Logging in user...","service":"identity-service","timestamp":"2025-11-16T11:17:11.758Z"}
{"level":"warn","message":"Invalid email or password","service":"identity-service","timestamp":"2025-11-16T11:17:11.812Z"}
{"level":"info","message":"Identity service running on port 8001","service":"identity-service","timestamp":"2025-11-16T11:19:25.077Z"}
{"level":"info","message":"Connected to MongoDB","service":"identity-service","timestamp":"2025-11-16T11:19:25.194Z"}
{"level":"info","message":"Received POST request to  /api/auth/register","service":"identity-service","timestamp":"2025-11-16T12:58:46.048Z"}
{"level":"info","message":"Request body: {}","service":"identity-service","timestamp":"2025-11-16T12:58:46.057Z"}
{"level":"info","message":"Registering new user...","service":"identity-service","timestamp":"2025-11-16T12:58:46.105Z"}
{"0":"\"","1":"u","10":" ","11":"i","12":"s","13":" ","14":"r","15":"e","16":"q","17":"u","18":"i","19":"r","2":"s","20":"e","21":"d","3":"e","4":"r","5":"n","6":"a","7":"m","8":"e","9":"\"","level":"warn","message":"validation error: ","service":"identity-service","timestamp":"2025-11-16T12:58:46.125Z"}
{"level":"info","message":"Identity service running on port 8001","service":"identity-service","timestamp":"2025-11-16T13:00:38.561Z"}
{"level":"info","message":"Connected to MongoDB","service":"identity-service","timestamp":"2025-11-16T13:00:38.630Z"}
{"level":"info","message":"Received POST request to  /login","service":"identity-service","timestamp":"2025-11-16T13:03:47.327Z"}
{"level":"info","message":"Request body: {}","service":"identity-service","timestamp":"2025-11-16T13:03:47.331Z"}
{"level":"info","message":"Received POST request to  /register","service":"identity-service","timestamp":"2025-11-16T13:04:04.409Z"}
{"level":"info","message":"Request body: {}","service":"identity-service","timestamp":"2025-11-16T13:04:04.412Z"}
{"level":"info","message":"Identity service running on port 8001","service":"identity-service","timestamp":"2025-11-16T13:04:39.532Z"}
{"level":"info","message":"Connected to MongoDB","service":"identity-service","timestamp":"2025-11-16T13:04:39.574Z"}
{"level":"info","message":"Received POST request to  /register","service":"identity-service","timestamp":"2025-11-16T13:04:45.632Z"}
{"level":"info","message":"Request body: {}","service":"identity-service","timestamp":"2025-11-16T13:04:45.645Z"}
{"level":"info","message":"Identity service running on port 8001","service":"identity-service","timestamp":"2025-11-16T13:10:28.607Z"}
{"level":"info","message":"Connected to MongoDB","service":"identity-service","timestamp":"2025-11-16T13:10:28.723Z"}
{"level":"info","message":"Identity service running on port 8001","service":"identity-service","timestamp":"2025-11-16T13:11:15.504Z"}
{"level":"info","message":"Connected to MongoDB","service":"identity-service","timestamp":"2025-11-16T13:11:16.039Z"}
{"level":"info","message":"Received GET request to  /login","service":"identity-service","timestamp":"2025-11-16T13:14:33.401Z"}
{"level":"info","message":"Request body: undefined","service":"identity-service","timestamp":"2025-11-16T13:14:33.417Z"}
{"level":"info","message":"Received POST request to  /login","service":"identity-service","timestamp":"2025-11-16T13:14:56.878Z"}
{"level":"info","message":"Request body: undefined","service":"identity-service","timestamp":"2025-11-16T13:14:56.879Z"}
{"level":"info","message":"Received POST request to  /login","service":"identity-service","timestamp":"2025-11-16T13:15:24.113Z"}
{"level":"info","message":"Request body: {\"email\":\"admin@gmail.com\",\"password\":\"admin\"}","service":"identity-service","timestamp":"2025-11-16T13:15:24.113Z"}
{"level":"info","message":"Received POST request to  /login","service":"identity-service","timestamp":"2025-11-16T13:16:31.681Z"}
{"level":"info","message":"Request body: {\"email\":\"admin@gmail.com\",\"password\":\"admin\"}","service":"identity-service","timestamp":"2025-11-16T13:16:31.684Z"}
{"level":"info","message":"Received POST request to  /api/auth/login","service":"identity-service","timestamp":"2025-11-16T13:18:09.556Z"}
{"level":"info","message":"Request body: {\"email\":\"admin@gmail.com\",\"password\":\"admin\"}","service":"identity-service","timestamp":"2025-11-16T13:18:09.557Z"}
{"level":"info","message":"Logging in user...","service":"identity-service","timestamp":"2025-11-16T13:18:09.563Z"}
{"level":"warn","message":"Invalid email or password","service":"identity-service","timestamp":"2025-11-16T13:18:09.835Z"}
{"level":"info","message":"Received POST request to  /api/auth/login","service":"identity-service","timestamp":"2025-11-16T13:18:48.889Z"}
{"level":"info","message":"Request body: {\"email\":\"admin@gmail.com\",\"password\":\"admin\"}","service":"identity-service","timestamp":"2025-11-16T13:18:48.890Z"}
{"level":"info","message":"Logging in user...","service":"identity-service","timestamp":"2025-11-16T13:18:48.894Z"}
{"level":"warn","message":"Invalid email or password","service":"identity-service","timestamp":"2025-11-16T13:18:48.902Z"}
{"level":"info","message":"Received GET request to  /api/auth/register","service":"identity-service","timestamp":"2025-11-16T13:19:16.795Z"}
{"level":"info","message":"Request body: {\"username\":\"admin\",\"email\":\"admin@gmail.com\",\"password\":\"admin\"}","service":"identity-service","timestamp":"2025-11-16T13:19:16.795Z"}
{"level":"info","message":"Received POST request to  /api/auth/register","service":"identity-service","timestamp":"2025-11-16T13:19:21.866Z"}
{"level":"info","message":"Request body: {\"username\":\"admin\",\"email\":\"admin@gmail.com\",\"password\":\"admin\"}","service":"identity-service","timestamp":"2025-11-16T13:19:21.866Z"}
{"level":"info","message":"Registering new user...","service":"identity-service","timestamp":"2025-11-16T13:19:21.872Z"}
{"0":"\"","1":"p","10":" ","11":"l","12":"e","13":"n","14":"g","15":"t","16":"h","17":" ","18":"m","19":"u","2":"a","20":"s","21":"t","22":" ","23":"b","24":"e","25":" ","26":"a","27":"t","28":" ","29":"l","3":"s","30":"e","31":"a","32":"s","33":"t","34":" ","35":"6","36":" ","37":"c","38":"h","39":"a","4":"s","40":"r","41":"a","42":"c","43":"t","44":"e","45":"r","46":"s","47":" ","48":"l","49":"o","5":"w","50":"n","51":"g","6":"o","7":"r","8":"d","9":"\"","level":"warn","message":"validation error: ","service":"identity-service","timestamp":"2025-11-16T13:19:21.902Z"}
{"level":"info","message":"Received POST request to  /api/auth/register","service":"identity-service","timestamp":"2025-11-16T13:19:34.176Z"}
{"level":"info","message":"Request body: {\"username\":\"admin\",\"email\":\"admin@gmail.com\",\"password\":\"000000\"}","service":"identity-service","timestamp":"2025-11-16T13:19:34.182Z"}
{"level":"info","message":"Registering new user...","service":"identity-service","timestamp":"2025-11-16T13:19:34.192Z"}
{"level":"info","message":"User registered successfully","service":"identity-service","timestamp":"2025-11-16T13:19:34.518Z"}
{"level":"info","message":"Received POST request to  /api/auth/login","service":"identity-service","timestamp":"2025-11-16T13:19:36.852Z"}
{"level":"info","message":"Request body: {\"email\":\"admin@gmail.com\",\"password\":\"000000\"}","service":"identity-service","timestamp":"2025-11-16T13:19:36.853Z"}
{"level":"info","message":"Logging in user...","service":"identity-service","timestamp":"2025-11-16T13:19:36.855Z"}
{"level":"info","message":"User logged in successfully","service":"identity-service","timestamp":"2025-11-16T13:19:37.061Z"}
{"level":"info","message":"Identity service running on port 8001","service":"identity-service","timestamp":"2025-11-16T13:22:34.552Z"}
{"level":"info","message":"Connected to MongoDB","service":"identity-service","timestamp":"2025-11-16T13:22:34.629Z"}
{"level":"info","message":"Identity service running on port 8001","service":"identity-service","timestamp":"2025-11-16T13:26:28.337Z"}
{"level":"info","message":"Connected to MongoDB","service":"identity-service","timestamp":"2025-11-16T13:26:28.470Z"}
{"level":"info","message":"Identity service running on port 8001","service":"identity-service","timestamp":"2025-11-16T13:27:07.400Z"}
{"level":"info","message":"Connected to MongoDB","service":"identity-service","timestamp":"2025-11-16T13:27:07.495Z"}
{"level":"info","message":"Identity service running on port 8001","service":"identity-service","timestamp":"2025-11-16T13:27:30.001Z"}
{"level":"info","message":"Connected to MongoDB","service":"identity-service","timestamp":"2025-11-16T13:27:30.071Z"}
{"level":"info","message":"Received POST request to  /api/auth/login","service":"identity-service","timestamp":"2025-11-16T15:08:33.649Z"}
{"level":"info","message":"Request body: {\"email\":\"admin@gmail.com\",\"password\":\"000000\"}","service":"identity-service","timestamp":"2025-11-16T15:08:33.657Z"}
{"level":"info","message":"Logging in user...","service":"identity-service","timestamp":"2025-11-16T15:08:33.681Z"}
{"level":"info","message":"User logged in successfully","service":"identity-service","timestamp":"2025-11-16T15:08:34.016Z"}
{"level":"info","message":"Received POST request to  /api/auth/login","service":"identity-service","timestamp":"2025-11-16T15:22:49.891Z"}
{"level":"info","message":"Request body: {\"email\":\"admin@gmail.com\",\"password\":\"000000\"}","service":"identity-service","timestamp":"2025-11-16T15:22:49.892Z"}
{"level":"info","message":"Logging in user...","service":"identity-service","timestamp":"2025-11-16T15:22:49.900Z"}
{"level":"info","message":"User logged in successfully","service":"identity-service","timestamp":"2025-11-16T15:22:50.153Z"}
{"level":"info","message":"Identity service running on port 8001","service":"identity-service","timestamp":"2025-11-20T04:57:01.423Z"}
{"level":"info","message":"Connected to MongoDB","service":"identity-service","timestamp":"2025-11-20T04:57:01.495Z"}
{"0":"r","1":"e","2":"a","3":"s","4":"o","5":"n","6":":","level":"error","message":"Unhandled Rejection at:","service":"identity-service","timestamp":"2025-11-20T04:57:12.357Z"}
{"level":"info","message":"Identity service running on port 8001","service":"identity-service","timestamp":"2025-11-20T05:21:15.768Z"}
{"level":"info","message":"Connected to MongoDB","service":"identity-service","timestamp":"2025-11-20T05:21:15.819Z"}
{"level":"info","message":"Identity service running on port 8001","service":"identity-service","timestamp":"2025-11-20T05:24:41.722Z"}
{"level":"info","message":"Connected to MongoDB","service":"identity-service","timestamp":"2025-11-20T05:24:41.762Z"}
{"level":"error","message":"request aborted","service":"identity-service","stack":"BadRequestError: request aborted\n    at IncomingMessage.onAborted (C:\\Users\\ABHI\\Documents\\ABHI\\MicroServices\\identity-service\\node_modules\\raw-body\\index.js:245:10)\n    at IncomingMessage.emit (node:events:518:28)\n    at IncomingMessage._destroy (node:_http_incoming:221:10)\n    at _destroy (node:internal/streams/destroy:122:10)\n    at IncomingMessage.destroy (node:internal/streams/destroy:84:5)\n    at abortIncoming (node:_http_server:809:9)\n    at socketOnClose (node:_http_server:803:3)\n    at Socket.emit (node:events:530:35)\n    at TCP.<anonymous> (node:net:351:12)","timestamp":"2025-11-20T05:25:56.806Z"}
{"level":"error","message":"request aborted","service":"identity-service","stack":"BadRequestError: request aborted\n    at IncomingMessage.onAborted (C:\\Users\\ABHI\\Documents\\ABHI\\MicroServices\\identity-service\\node_modules\\raw-body\\index.js:245:10)\n    at IncomingMessage.emit (node:events:518:28)\n    at IncomingMessage._destroy (node:_http_incoming:221:10)\n    at _destroy (node:internal/streams/destroy:122:10)\n    at IncomingMessage.destroy (node:internal/streams/destroy:84:5)\n    at abortIncoming (node:_http_server:809:9)\n    at socketOnClose (node:_http_server:803:3)\n    at Socket.emit (node:events:530:35)\n    at TCP.<anonymous> (node:net:351:12)","timestamp":"2025-11-20T05:26:37.252Z"}
{"level":"error","message":"request aborted","service":"identity-service","stack":"BadRequestError: request aborted\n    at IncomingMessage.onAborted (C:\\Users\\ABHI\\Documents\\ABHI\\MicroServices\\identity-service\\node_modules\\raw-body\\index.js:245:10)\n    at IncomingMessage.emit (node:events:518:28)\n    at IncomingMessage._destroy (node:_http_incoming:221:10)\n    at _destroy (node:internal/streams/destroy:122:10)\n    at IncomingMessage.destroy (node:internal/streams/destroy:84:5)\n    at abortIncoming (node:_http_server:809:9)\n    at socketOnClose (node:_http_server:803:3)\n    at Socket.emit (node:events:530:35)\n    at TCP.<anonymous> (node:net:351:12)","timestamp":"2025-11-20T05:26:44.230Z"}
