{"level":"info","message":"Media Service running on port 8003","service":"identity-service","timestamp":"2025-11-16T19:52:48.317Z"}
{"level":"info","message":"Connected to mongodb","service":"identity-service","timestamp":"2025-11-16T19:52:48.362Z"}
{"level":"info","message":"Received POST request to /upload","service":"identity-service","timestamp":"2025-11-16T19:59:31.983Z"}
{"level":"info","message":"Request body, [object Object]","service":"identity-service","timestamp":"2025-11-16T19:59:31.985Z"}
{"level":"info","message":"Received POST request to /upload","service":"identity-service","timestamp":"2025-11-16T19:59:51.393Z"}
{"level":"info","message":"Request body, [object Object]","service":"identity-service","timestamp":"2025-11-16T19:59:51.394Z"}
{"level":"info","message":"Received POST request to /api/media/upload","service":"identity-service","timestamp":"2025-11-16T20:00:21.241Z"}
{"level":"info","message":"Request body, [object Object]","service":"identity-service","timestamp":"2025-11-16T20:00:21.241Z"}
{"level":"info","message":"Starting media upload","service":"identity-service","timestamp":"2025-11-16T20:00:21.248Z"}
{"level":"error","message":"No file found. Please add a file and try again!","service":"identity-service","timestamp":"2025-11-16T20:00:21.252Z"}
{"level":"error","message":"Unexpected token '-', \"----------\"... is not valid JSON","service":"identity-service","stack":"SyntaxError: Unexpected token '-', \"----------\"... is not valid JSON\n    at JSON.parse (<anonymous>)\n    at createStrictSyntaxError (C:\\Users\\ABHI\\Documents\\ABHI\\MicroServices\\media-service\\node_modules\\body-parser\\lib\\types\\json.js:156:10)\n    at parse (C:\\Users\\ABHI\\Documents\\ABHI\\MicroServices\\media-service\\node_modules\\body-parser\\lib\\types\\json.js:71:15)\n    at C:\\Users\\ABHI\\Documents\\ABHI\\MicroServices\\media-service\\node_modules\\body-parser\\lib\\read.js:123:18\n    at AsyncResource.runInAsyncScope (node:async_hooks:214:14)\n    at invokeCallback (C:\\Users\\ABHI\\Documents\\ABHI\\MicroServices\\media-service\\node_modules\\raw-body\\index.js:238:16)\n    at done (C:\\Users\\ABHI\\Documents\\ABHI\\MicroServices\\media-service\\node_modules\\raw-body\\index.js:227:7)\n    at IncomingMessage.onEnd (C:\\Users\\ABHI\\Documents\\ABHI\\MicroServices\\media-service\\node_modules\\raw-body\\index.js:287:7)\n    at IncomingMessage.emit (node:events:518:28)\n    at endReadableNT (node:internal/streams/readable:1698:12)","timestamp":"2025-11-16T20:05:54.617Z"}
{"level":"info","message":"Received POST request to /api/media/upload","service":"identity-service","timestamp":"2025-11-16T20:07:39.338Z"}
{"level":"info","message":"Request body, [object Object]","service":"identity-service","timestamp":"2025-11-16T20:07:39.339Z"}
{"level":"info","message":"Starting media upload","service":"identity-service","timestamp":"2025-11-16T20:07:39.346Z"}
{"level":"error","message":"No file found. Please add a file and try again!","service":"identity-service","timestamp":"2025-11-16T20:07:39.354Z"}
{"level":"error","message":"Unexpected token '-', \"----------\"... is not valid JSON","service":"identity-service","stack":"SyntaxError: Unexpected token '-', \"----------\"... is not valid JSON\n    at JSON.parse (<anonymous>)\n    at createStrictSyntaxError (C:\\Users\\ABHI\\Documents\\ABHI\\MicroServices\\media-service\\node_modules\\body-parser\\lib\\types\\json.js:156:10)\n    at parse (C:\\Users\\ABHI\\Documents\\ABHI\\MicroServices\\media-service\\node_modules\\body-parser\\lib\\types\\json.js:71:15)\n    at C:\\Users\\ABHI\\Documents\\ABHI\\MicroServices\\media-service\\node_modules\\body-parser\\lib\\read.js:123:18\n    at AsyncResource.runInAsyncScope (node:async_hooks:214:14)\n    at invokeCallback (C:\\Users\\ABHI\\Documents\\ABHI\\MicroServices\\media-service\\node_modules\\raw-body\\index.js:238:16)\n    at done (C:\\Users\\ABHI\\Documents\\ABHI\\MicroServices\\media-service\\node_modules\\raw-body\\index.js:227:7)\n    at IncomingMessage.onEnd (C:\\Users\\ABHI\\Documents\\ABHI\\MicroServices\\media-service\\node_modules\\raw-body\\index.js:287:7)\n    at IncomingMessage.emit (node:events:518:28)\n    at endReadableNT (node:internal/streams/readable:1698:12)","timestamp":"2025-11-16T20:07:46.133Z"}
{"level":"info","message":"Media Service running on port 8003","service":"identity-service","timestamp":"2025-11-16T20:09:27.385Z"}
{"level":"info","message":"Connected to mongodb","service":"identity-service","timestamp":"2025-11-16T20:09:27.433Z"}
{"level":"info","message":"Media Service running on port 8003","service":"identity-service","timestamp":"2025-11-16T20:10:07.664Z"}
{"level":"info","message":"Connected to mongodb","service":"identity-service","timestamp":"2025-11-16T20:10:07.703Z"}
